---
source: tests/runtime.rs
expression: "String::from_utf8(content).expect(\"failed to convert to string\")"
---
"client,available,held,total,locked
2,2,0,2,false
1,1.5,0,1.5,false
"
